
> build
> vite build

[36mvite v7.2.7 [32mbuilding client environment for production...[36m[39m
[plugin @laravel/vite-plugin-wayfinder] Types generated for actions, routes, form variants
transforming...
[32mΓ£ô[39m 3295 modules transformed.
node.exe : [31mΓ£ù[39m Build failed in 5.33s
At line:1 char:1
+ & "C:\Program Files\nodejs/node.exe" "C:\Program Files\nodejs/node_mo ...
+ ~~~~~~~~~~~~~~~~~~~~~~~~~~~~~~~~~~~~~~~~~~~~~~~~~~~~~~~~~~~~~~~~~~~~~
    + CategoryInfo          : NotSpecified: ([31mΓ£ù[39m Build failed in 5.33s:String) [], RemoteException
    + FullyQualifiedErrorId : NativeCommandError
 
[31merror during build:
[31mresources/js/pages/admin/settings/admission-cycles/Index.vue?vue&type=script&setup=true&lang.ts (68:30): 
"Graduation" is not exported by "node_modules/lucide-vue-next/dist/esm/lucide-vue-next.js", imported by 
"resources/js/pages/admin/settings/admission-cycles/Index.vue?vue&type=script&setup=true&lang.ts".[31m
file: [36mG:/Herd/school/resources/js/pages/admin/settings/admission-cycles/Index.vue?vue&type=script&setup=true&lang.
ts:68:30[31m
[33m
66: import InputError from '@/components/InputError.vue'
67: import DatePicker from '@/components/DatePicker.vue'
68: import { Plus, Trash2, Edit2, Graduation, Calendar, Check, Clock } from 'lucide-vue-next'
                                  ^
69: import { Badge } from '@/components/ui/badge'
70: import {
[31m
    at getRollupError (file:///G:/Herd/school/node_modules/rollup/dist/es/shared/parseAst.js:401:41)
    at error (file:///G:/Herd/school/node_modules/rollup/dist/es/shared/parseAst.js:397:42)
    at Module.error (file:///G:/Herd/school/node_modules/rollup/dist/es/shared/node-entry.js:16956:16)
    at Module.traceVariable (file:///G:/Herd/school/node_modules/rollup/dist/es/shared/node-entry.js:17412:29)
    at ModuleScope.findVariable (file:///G:/Herd/school/node_modules/rollup/dist/es/shared/node-entry.js:15076:39)
    at ChildScope.findVariable (file:///G:/Herd/school/node_modules/rollup/dist/es/shared/node-entry.js:5649:38)
    at FunctionScope.findVariable (file:///G:/Herd/school/node_modules/rollup/dist/es/shared/node-entry.js:5649:38)
    at FunctionBodyScope.findVariable (file:///G:/Herd/school/node_modules/rollup/dist/es/shared/node-entry.js:5649:38)
    at ReturnValueScope.findVariable (file:///G:/Herd/school/node_modules/rollup/dist/es/shared/node-entry.js:5649:38)
    at FunctionBodyScope.findVariable 
(file:///G:/Herd/school/node_modules/rollup/dist/es/shared/node-entry.js:5649:38)[39m
